Admin@Mangesh_Ghadwaje MINGW64 /e/MG/Develo
$ git --version
git version 2.44.0.windows.1

Admin@Mangesh_Ghadwaje MINGW64 /e/MG/Develo
$ git clone https://github.com/mangeshh09/NEW.git
Cloning into 'NEW'...
remote: Enumerating objects: 9, done.
remote: Counting objects: 100% (9/9), done.
remote: Compressing objects: 100% (3/3), done.
remote: Total 9 (delta 0), reused 0 (delta 0), pack-reused 0
Receiving objects: 100% (9/9), done.

Admin@Mangesh_Ghadwaje MINGW64 /e/MG/Development/GIT HUB
$ cd NEW

Admin@Mangesh_Ghadwaje MINGW64 /e/MG/Development/GIT HUB/NEW (main)
$ ls
README.md

Admin@Mangesh_Ghadwaje MINGW64 /e/MG/Development/GIT HUB/NEW (main)
$ ls -a
./  ../  .git/  README.md

Admin@Mangesh_Ghadwaje MINGW64 /e/MG/Development/GIT HUB/NEW (main)
$ git status
On branch main
Your branch is up to date with 'origin/main'.

nothing to commit, working tree clean

Admin@Mangesh_Ghadwaje MINGW64 /e/MG/Development/GIT HUB/NEW (main)
$ git status
On branch main
Your branch is up to date with 'origin/main'.

Changes not staged for commit:
  (use "git add <file>..." to update what will be committed)
  (use "git restore <file>..." to discard changes in working directory)
        modified:   README.md

no changes added to commit (use "git add" and/or "git commit -a")

Admin@Mangesh_Ghadwaje MINGW64 /e/MG/Development/GIT HUB/NEW (main)
$ git status
On branch main
Your branch is up to date with 'origin/main'.

Changes not staged for commit:
  (use "git add <file>..." to update what will be committed)
  (use "git restore <file>..." to discard changes in working directory)
        modified:   README.md

Untracked files:
  (use "git add <file>..." to include in what will be committed)
        index.html

no changes added to commit (use "git add" and/or "git commit -a")

Admin@Mangesh_Ghadwaje MINGW64 /e/MG/Development/GIT HUB/NEW (main)
$ git add index.html

Admin@Mangesh_Ghadwaje MINGW64 /e/MG/Development/GIT HUB/NEW (main)
$ git add index.html

Admin@Mangesh_Ghadwaje MINGW64 /e/MG/Development/GIT HUB/NEW (main)
$ git status
On branch main
Your branch is up to date with 'origin/main'.

Changes to be committed:
  (use "git restore --staged <file>..." to unstage)
        new file:   index.html

Changes not staged for commit:
  (use "git add <file>..." to update what will be committed)
  (use "git restore <file>..." to discard changes in working directory)
        modified:   README.md


Admin@Mangesh_Ghadwaje MINGW64 /e/MG/Development/GIT HUB/NEW (main)
$ git add .

Admin@Mangesh_Ghadwaje MINGW64 /e/MG/Development/GIT HUB/NEW (main)
$ git status
On branch main
Your branch is up to date with 'origin/main'.

Changes to be committed:
  (use "git restore --staged <file>..." to unstage)
        modified:   README.md
        new file:   index.html


Admin@Mangesh_Ghadwaje MINGW64 /e/MG/Development/GIT HUB/NEW (main)
$ git commit -m "created html file with paragraph of hello git"
[main 4c6bca5] created html file with paragraph of hello git
 2 files changed, 2 insertions(+), 1 deletion(-)
 create mode 100644 index.html

Admin@Mangesh_Ghadwaje MINGW64 /e/MG/Development/GIT HUB/NEW (main)
$ git status
On branch main
Your branch is ahead of 'origin/main' by 1 commit.
  (use "git push" to publish your local commits)

nothing to commit, working tree clean

Admin@Mangesh_Ghadwaje MINGW64 /e/MG/Development/GIT HUB/NEW (main)
$ git push origin main
Enumerating objects: 6, done.
Counting objects: 100% (6/6), done.
Compressing objects: 100% (3/3), done.
Writing objects: 100% (4/4), 365 bytes | 121.00 KiB/s, done.
Total 4 (delta 0), reused 0 (delta 0), pack-reused 0 (from 0)
To https://github.com/mangeshh09/NEW.git
   5560028..4c6bca5  main -> main